src/api/generated/auth-controller-impl/auth-controller-impl.ts(66,3): error TS2554: Expected 1 arguments, but got 2.
src/api/generated/auth-controller-impl/auth-controller-impl.ts(142,3): error TS2554: Expected 1 arguments, but got 2.
src/api/generated/auth-controller-impl/auth-controller-impl.ts(217,3): error TS2554: Expected 1 arguments, but got 2.
src/api/generated/auth-controller-impl/auth-controller-impl.ts(301,3): error TS2554: Expected 1 arguments, but got 2.
src/api/generated/auth-controller-impl/auth-controller-impl.ts(412,3): error TS2554: Expected 1 arguments, but got 2.
src/api/generated/merchandise-management/merchandise-management.ts(80,3): error TS2554: Expected 1 arguments, but got 2.
src/api/generated/merchandise-management/merchandise-management.ts(163,3): error TS2554: Expected 1 arguments, but got 2.
src/api/generated/merchandise-management/merchandise-management.ts(246,3): error TS2554: Expected 1 arguments, but got 2.
src/api/generated/merchandise-management/merchandise-management.ts(332,3): error TS2554: Expected 1 arguments, but got 2.
src/api/generated/merchandise-management/merchandise-management.ts(415,3): error TS2554: Expected 1 arguments, but got 2.
src/api/generated/merchandise-management/merchandise-management.ts(498,3): error TS2554: Expected 1 arguments, but got 2.
src/api/generated/merchandise-management/merchandise-management.ts(584,3): error TS2554: Expected 1 arguments, but got 2.
src/api/generated/merchandise-management/merchandise-management.ts(674,3): error TS2554: Expected 1 arguments, but got 2.
src/api/generated/merchandise-management/merchandise-management.ts(756,3): error TS2554: Expected 1 arguments, but got 2.
src/api/generated/merchandise-management/merchandise-management.ts(839,3): error TS2554: Expected 1 arguments, but got 2.
src/api/generated/merchandise-management/merchandise-management.ts(950,3): error TS2554: Expected 1 arguments, but got 2.
src/api/generated/merchandise-management/merchandise-management.ts(1068,3): error TS2554: Expected 1 arguments, but got 2.
src/api/generated/merchandise-management/merchandise-management.ts(1159,3): error TS2554: Expected 1 arguments, but got 2.
src/api/generated/merchandise-management/merchandise-management.ts(1248,3): error TS2554: Expected 1 arguments, but got 2.
src/api/generated/merchandise-management/merchandise-management.ts(1337,3): error TS2554: Expected 1 arguments, but got 2.
src/api/generated/merchandise-management/merchandise-management.ts(1419,3): error TS2554: Expected 1 arguments, but got 2.
src/api/generated/notification-controller/notification-controller.ts(83,3): error TS2554: Expected 1 arguments, but got 2.
src/api/generated/notification-controller/notification-controller.ts(166,3): error TS2554: Expected 1 arguments, but got 2.
src/api/generated/notification-controller/notification-controller.ts(243,3): error TS2554: Expected 1 arguments, but got 2.
src/api/generated/notification-controller/notification-controller.ts(320,3): error TS2554: Expected 1 arguments, but got 2.
src/api/generated/notification-controller/notification-controller.ts(405,3): error TS2554: Expected 1 arguments, but got 2.
src/api/generated/notification-controller/notification-controller.ts(489,3): error TS2554: Expected 1 arguments, but got 2.
src/api/generated/notification-controller/notification-controller.ts(564,3): error TS2554: Expected 1 arguments, but got 2.
src/api/generated/notification-controller/notification-controller.ts(640,3): error TS2554: Expected 1 arguments, but got 2.
src/api/generated/notification-controller/notification-controller.ts(716,3): error TS2554: Expected 1 arguments, but got 2.
src/api/generated/notification-controller/notification-controller.ts(791,3): error TS2554: Expected 1 arguments, but got 2.
src/api/generated/notification-controller/notification-controller.ts(866,3): error TS2554: Expected 1 arguments, but got 2.
src/api/generated/notification-controller/notification-controller.ts(970,3): error TS2554: Expected 1 arguments, but got 2.
src/api/generated/notification-controller/notification-controller.ts(1074,3): error TS2554: Expected 1 arguments, but got 2.
src/api/generated/order-management/order-management.ts(72,3): error TS2554: Expected 1 arguments, but got 2.
src/api/generated/order-management/order-management.ts(155,3): error TS2554: Expected 1 arguments, but got 2.
src/api/generated/order-management/order-management.ts(238,3): error TS2554: Expected 1 arguments, but got 2.
src/api/generated/order-management/order-management.ts(320,3): error TS2554: Expected 1 arguments, but got 2.
src/api/generated/order-management/order-management.ts(402,3): error TS2554: Expected 1 arguments, but got 2.
src/api/generated/order-management/order-management.ts(484,3): error TS2554: Expected 1 arguments, but got 2.
src/api/generated/order-management/order-management.ts(567,3): error TS2554: Expected 1 arguments, but got 2.
src/api/generated/order-management/order-management.ts(651,3): error TS2554: Expected 1 arguments, but got 2.
src/api/generated/order-management/order-management.ts(735,3): error TS2554: Expected 1 arguments, but got 2.
src/api/generated/order-management/order-management.ts(818,3): error TS2554: Expected 1 arguments, but got 2.
src/api/generated/order-management/order-management.ts(910,3): error TS2554: Expected 1 arguments, but got 2.
src/api/generated/order-management/order-management.ts(992,3): error TS2554: Expected 1 arguments, but got 2.
src/api/generated/order-management/order-management.ts(1110,3): error TS2554: Expected 1 arguments, but got 2.
src/api/generated/order-management/order-management.ts(1221,3): error TS2554: Expected 1 arguments, but got 2.
src/api/generated/order-management/order-management.ts(1332,3): error TS2554: Expected 1 arguments, but got 2.
src/api/generated/order-management/order-management.ts(1443,3): error TS2554: Expected 1 arguments, but got 2.
